<html>
<body>
<pre>
<h1>µVision Build Log</h1>
<h2>Tool Versions:</h2>
IDE-Version: ÂµVision V5.39.0.0
Copyright (C) 2023 ARM Ltd and ARM Germany GmbH. All rights reserved.
License Information: Fotis Katsaras, AUTh, LIC=----
 
Tool Versions:
Toolchain:       MDK-Lite  Version: 5.39.0.0
Toolchain Path:  C:\Users\katsa\ARM\ARMCLANG\Bin
C Compiler:      ArmClang.exe V6.21
Assembler:       Armasm.exe V6.21
Linker/Locator:  ArmLink.exe V6.21
Library Manager: ArmAr.exe V6.21
Hex Converter:   FromElf.exe V6.21
CPU DLL:         SARMCM3.DLL V5.39.0.0
Dialog DLL:      DCM.DLL V1.17.5.0
Target DLL:      STLink\ST-LINKIII-KEIL_SWO.dll V3.2.0.0
Dialog DLL:      TCM.DLL V1.56.4.0
 
<h2>Project:</h2>
C:\Users\katsa\ffile\microprocesors\string-hash-UART\excercise_1.uvprojx
Project File Date:  04/17/2024

<h2>Output:</h2>
*** Using Compiler 'V6.21', folder: 'C:\Users\katsa\ARM\ARMCLANG\Bin'
Rebuild target 'Target 1'
assembling calculate_hash.s...
assembling sum_of_natural_numbers.s...
assembling startup_stm32f411xe.s...
main.c(5): warning: a function declaration without a prototype is deprecated in all versions of C [-Wstrict-prototypes]
    5 | extern int sum_n();
      |                 ^
      |                  void
main.c(8): warning: a function declaration without a prototype is deprecated in all versions of C [-Wstrict-prototypes]
    8 | int main () {
      |          ^
      |           void
main.c(10): warning: passing arguments to 'sum_n' without a prototype is deprecated in all versions of C and is not supported in C23 [-Wdeprecated-non-prototype]
   10 |         int result = sum_n(5);
      |                           ^
3 warnings generated.
compiling main.c...
RTE/Device/STM32F411RETx/system_stm32f4xx.c(263): warning: unsafe buffer access [-Wunsafe-buffer-usage]
  263 |   tmp = AHBPrescTable[((RCC->CFGR & RCC_CFGR_HPRE) >> 4)];
      |         ^~~~~~~~~~~~~
1 warning generated.
compiling system_stm32f4xx.c...
C:/Users/katsa/AppData/Local/Arm/Packs/Keil/ARM_Compiler/1.7.2/Source/retarget_io.c(409): warning: invalid UTF-8 in comment [-Winvalid-utf8]
  409 |   \return    The return value is <96>1 if an error occurs.
      |                                  ^
C:/Users/katsa/AppData/Local/Arm/Packs/Keil/ARM_Compiler/1.7.2/Source/retarget_io.c(516): warning: unsafe pointer arithmetic [-Wunsafe-buffer-usage]
  516 |         ch = *buf++;
      |               ^~~
C:/Users/katsa/AppData/Local/Arm/Packs/Keil/ARM_Compiler/1.7.2/Source/retarget_io.c(527): warning: unsafe pointer arithmetic [-Wunsafe-buffer-usage]
  527 |         ch = *buf++;
      |               ^~~
C:/Users/katsa/AppData/Local/Arm/Packs/Keil/ARM_Compiler/1.7.2/Source/retarget_io.c(593): warning: unsafe pointer arithmetic [-Wunsafe-buffer-usage]
  593 |       *buf++ = (uint8_t)ch;
      |        ^~~
4 warnings generated.
compiling retarget_io.c...
linking...
Program Size: Code=10320 RO-data=1080 RW-data=116 ZI-data=1888  
".\excercise_1.axf" - 0 Error(s), 8 Warning(s).

<h2>Software Packages used:</h2>

Package Vendor: ARM
                http://www.keil.com/pack/ARM.CMSIS.5.9.0.pack
                ARM::CMSIS@5.9.0
                CMSIS (Common Microcontroller Software Interface Standard)
   * Component: CORE Version: 5.6.0

Package Vendor: Keil
                https://www.keil.com/pack/Keil.ARM_Compiler.1.7.2.pack
                Keil::ARM_Compiler@1.7.2
                Keil ARM Compiler extensions for ARM Compiler 5 and ARM Compiler 6
   * Component: STDERR Variant: ITM Version: 1.2.0
   * Component: STDIN Variant: ITM Version: 1.2.0
   * Component: STDOUT Variant: ITM Version: 1.2.0

Package Vendor: Keil
                https://www.keil.com/pack/Keil.STM32F4xx_DFP.2.17.1.pack
                Keil::STM32F4xx_DFP@2.17.1
                STMicroelectronics STM32F4 Series Device Support, Drivers and Examples
   * Component: Startup Version: 2.6.3

<h2>Collection of Component include folders:</h2>
  ./RTE/_Target_1
  C:/Users/katsa/AppData/Local/Arm/Packs/ARM/CMSIS/5.9.0/CMSIS/Core/Include
  C:/Users/katsa/AppData/Local/Arm/Packs/Keil/STM32F4xx_DFP/2.17.1/Drivers/CMSIS/Device/ST/STM32F4xx/Include

<h2>Collection of Component Files used:</h2>

   * Component: ARM::CMSIS:CORE@5.6.0

   * Component: Keil::Compiler&ARM Compiler:I/O:STDERR&ITM@1.2.0
      Source file:   Source/retarget_io.c

   * Component: Keil::Compiler&ARM Compiler:I/O:STDIN&ITM@1.2.0
      Source file:   Source/retarget_io.c

   * Component: Keil::Compiler&ARM Compiler:I/O:STDOUT&ITM@1.2.0
      Source file:   Source/retarget_io.c

   * Component: Keil::Device:Startup@2.6.3
      Source file:   MDK/Device/Source/ARM/STM32F4xx_OTP.s
      Include file:  Drivers/CMSIS/Device/ST/STM32F4xx/Include/stm32f4xx.h
      Source file:   MDK/Device/Source/ARM/STM32F411xx_OPT.s
      Source file:   Drivers/CMSIS/Device/ST/STM32F4xx/Source/Templates/arm/startup_stm32f411xe.s
      Source file:   Drivers/CMSIS/Device/ST/STM32F4xx/Source/Templates/system_stm32f4xx.c
Build Time Elapsed:  00:00:04
</pre>
</body>
</html>
